python : Parselmouth 
library not found. 
Unvoiced segment 
removal feature will 
be disabled.
No linha:1 caractere:1
+ python 
run_manhwa_app.py > 
test_log.txt 2>&1
+ ~~~~~~~~~~~~~~~~~~~~~
~~~~~~~~~~~~~~~~~~~~~~~
    + CategoryInfo     
         : NotSpecifi  
  ed: (Parselmouth l   
 ib...ll be disable    
d.:String) [], Rem    
oteException
    + FullyQualifiedEr 
   rorId : NativeComm  
  andError
 
'sox' não é 
reconhecido como um 
comando interno
ou externo, um 
programa operável ou 
um arquivo em lotes.
SoX could not be found!

    If you do not have 
SoX, proceed here:
     - - - http://sox.s
ourceforge.net/ - - -

    If you do (or 
think that you should) 
have SoX, double-check 
your
    path variables.
    
faster-whisper nÒo 
instalado. Tentaremos 
fallback.
qt.multimedia.ffmpeg: 
Using Qt multimedia 
with FFmpeg version 
7.1.2 LGPL version 2.1 
or later
23:41:55 
[manhwa_app.app] 
[INFO] 
ModelLoaderThread: 
trocando para kokoro
23:41:55 [engine] 
[INFO] 
switch_to_engine: 
kokoro | submodelo: 
None
23:41:55 [engine] 
[INFO] Worker IndexTTS 
encerrado.
23:41:55 [engine] 
[INFO] VRAM livre apos 
descarga: 15.74 GB
23:41:55 [engine] 
[INFO] Carregando 
Kokoro | lang=a | 
device=cuda
E:\backup\v6\venv_main\
lib\site-packages\torch
\nn\modules\rnn.py:1009
: UserWarning: dropout 
option adds dropout 
after all but last 
recurrent layer, so 
non-zero dropout 
expects num_layers 
greater than 1, but 
got dropout=0.2 and 
num_layers=1
  super().__init__("LST
M", *args, **kwargs)
23:41:57 [engine] 
[INFO] Kokoro 
carregado com sucesso 
em cuda.
23:42:02 
[manhwa_app.app] 
[INFO] [EXPRESS-DEBUG] 
_test_card_voice 
received 
voice='pm_santa' for 
eng='kokoro'
23:42:02 [manhwa_app.mo
dels.whisper_manager] 
[INFO] Carregando 
faster-whisper 'base' 
em cudaà
23:42:02 [manhwa_app.mo
dels.whisper_manager] 
[WARNING] Usando 
fallback para 
openai-whisper.
23:42:03 [manhwa_app.au
dio_pipeline] [INFO] 
[PIPELINE] Iniciando 
geraþÒo de ßudio 
(Parßgrafo 1) | Texto 
len: 108 chars | 
Engine: kokoro
23:42:03 [manhwa_app.au
dio_pipeline] [INFO] 
[PIPELINE-DEBUG] Final 
voice for 
Kokoro='pm_santa', 
engine='kokoro'
23:42:03 [engine] 
[INFO] [DISPATCHER] 
Roteando para [kokoro] 
| Texto len: 108 | 
Prompt: True
23:42:03 [engine] 
[INFO] [DISPATCHER] 
Iniciando geracao 
Kokoro | Voice: 
af_heart
23:42:19 [engine] 
[DEBUG] [DISPATCHER] 
Retorno bruto Kokoro: 
<class 'tuple'>
23:42:19 [utils] 
[INFO] Saved WAV file 
to C:\Users\desot\AppDa
ta\Local\Temp\tmpcpn4tb
fh\preview\audios\audio
_1_tmp.wav in 0.051 
seconds.
23:42:19 [engine] 
[INFO] [DISPATCHER] 
Audio valido recebido 
(202200 samples).
23:42:19 [engine] 
[INFO] [DISPATCHER] 
Dispatch completo para 
'kokoro'. Salvo em: C:\
Users\desot\AppData\Loc
al\Temp\tmpcpn4tbfh\pre
view\audios\audio_1_tmp
.wav | Sucesso: True | 
Tempo: 15.61s
23:42:19 [utils] 
[DEBUG] Silence 
trimmed: original 
samples 202200, new 
effective samples 
201088 (indices before 
padding: [  7168 
191488])
23:42:19 [utils] 
[INFO] Saved WAV file 
to C:\Users\desot\AppDa
ta\Local\Temp\tmpcpn4tb
fh\preview\audios\audio
_1_silence.wav in 
0.003 seconds.
23:42:19 [manhwa_app.au
dio_pipeline] [INFO] 
SilÛncio removido 
\u2192 C:\Users\desot\A
ppData\Local\Temp\tmpcp
n4tbfh\preview\audios\a
udio_1_silence.wav
23:42:20 
[manhwa_app.app] 
[INFO] [PLAYER] 
Reproduzindo: C:\Users\
desot\AppData\Local\Tem
p\tmpcpn4tbfh\preview\a
udios\audio_1.wav
23:42:20 
[manhwa_app.app] 
[INFO] [FIX] 
ReproduþÒo automßtica 
iniciada (QMediaPlayer)
Input #0, wav, from 'C:
/Users/desot/AppData/Lo
cal/Temp/tmpcpn4tbfh/pr
eview/audios/audio_1.wa
v':
  Metadata:
    encoder         : 
Lavf62.3.100
  Duration: 
00:00:08.32, bitrate: 
384 kb/s
  Stream #0:0: Audio: 
pcm_s16le 
([1][0][0][0] / 
0x0001), 24000 Hz, 1 
channels, s16, 384 kb/s
[DEBUG] Polyfilled UnnormalizedLogitsProcessor for Transformers compatibility.

********
Warning: flash-attn is not installed. Will only run the manual PyTorch version. Please install flash-attn for faster inference.
********
 
[ENGINE] Turbo disponÝvel: True
[DEBUG] Engine solicitado: kokoro (submodelo: None)
[ENGINE] [Kokoro] Iniciando carregamento | param_device: auto | resolved_device: cuda | lang: a
WARNING: Defaulting repo_id to hexgrad/Kokoro-82M. Pass repo_id='hexgrad/Kokoro-82M' to suppress this warning.
[ENGINE] [Kokoro] Carregado com sucesso em cuda | Tempo: 1.76s
[PIPELINE] InÝcio do _run_internal | Engine alvo: kokoro | StartTime: 1774579322.8023033
[DEBUG] AudioPipeline: engine_str='kokoro', model_type='default'
[DEBUG] Engine State: active='kokoro', loaded_type='None'
[DEBUG] Switch nÒo necessßrio: kokoro/None jß Ú o engine correto
[DISPATCHER] Engine solicitado: kokoro
[ENGINE] [Kokoro] Iniciando sintese | Texto len: 108 chars | Voice: af_heart
[ENGINE] [Kokoro] Sintese concluida com sucesso | Samples: 202200 | Tempo: 15.56s
[PIPELINE] Fim da geraþÒo (Parßgrafo 1) | Sucesso: True | Tempo: 15.61s

[AUTO-FIX] Ambiente global inconsistente detectado. Reiniciando via venv_main...
